---
source: src/dot.rs
expression: dot
---
digraph petgraph {
    N0[label="0"];
    N1[label="1"];
    N0 -> N1[label=""][arrowhead="normal" dir="both" arrowtail="none"];
}

