---
source: src/dot.rs
expression: dot
---
digraph petgraph {
    N0[label=""];
    N1[label=""];
    N0 -> N1[label="0"][arrowhead="normal" dir="both" arrowtail="none"];
}

